// Jest Snapshot v1, https://goo.gl/fbAQLP

exports[`should render FooterEmail correctly 1`] = `
<div
  className="col"
>
  <i
    className="fa fa-envelope fa-2x"
  />
  <p>
    vanillacaramel88@gmail.com
  </p>
</div>
`;
