// Jest Snapshot v1, https://goo.gl/fbAQLP

exports[`FooterContacts should render FooterContacts correctly 1`] = `
<div
  className="row contacts"
>
  <FooterLocation />
  <FooterEmail />
</div>
`;
