// Jest Snapshot v1, https://goo.gl/fbAQLP

exports[`should render Header correctly 1`] = `
<header
  className="header"
  id="header"
>
  <div
    className="header__text"
  >
    <h1>
      <Trans
        t={
          [MockFunction] {
            "calls": Array [
              Array [
                "cook-with-love-header-subtitle",
              ],
            ],
            "results": Array [
              Object {
                "type": "return",
                "value": "cook-with-love-header-subtitle",
              },
            ],
          }
        }
      >
        cook-with-love-header-title
      </Trans>
    </h1>
    <h5
      className="header__text-subtitle"
    >
      cook-with-love-header-subtitle
    </h5>
  </div>
</header>
`;
